-- Running vcpkg install
Detecting compiler hash for triplet x64-linux...
The following packages will be built and installed:
    eigen3:x64-linux@3.4.0#3
  * vcpkg-cmake:x64-linux@2023-05-04
  * vcpkg-cmake-config:x64-linux@2022-02-06#1
Additional packages (*) will be modified to complete this operation.
Restored 3 package(s) from /home/liam/.cache/vcpkg/archives in 121 ms. Use --debug to see more details.
Installing 1/3 vcpkg-cmake-config:x64-linux@2022-02-06#1...
Elapsed time to handle vcpkg-cmake-config:x64-linux: 472 us
vcpkg-cmake-config:x64-linux package ABI: 3396a14d36127d6ebbd6a252cff1900755f6a41f4ae874067fb4f42e9d81c0a2
Installing 2/3 vcpkg-cmake:x64-linux@2023-05-04...
Elapsed time to handle vcpkg-cmake:x64-linux: 414 us
vcpkg-cmake:x64-linux package ABI: bf0b1a657932f506bee8eab426ab7e9de7812873c07924c73dac6a45cc8e7d4a
Installing 3/3 eigen3:x64-linux@3.4.0#3...
Elapsed time to handle eigen3:x64-linux: 41.8 ms
eigen3:x64-linux package ABI: 25308e63022fa538f8522fe0c1a00d77bcd231810253b8b00628c0d232f1c8f7
Total install time: 42.7 ms
eigen3 provides CMake targets:

  # this is heuristically generated, and may not be correct
  find_package(Eigen3 CONFIG REQUIRED)
  target_link_libraries(main PRIVATE Eigen3::Eigen)

eigen3 provides pkg-config modules:

    # A C++ template library for linear algebra: vectors, matrices, and related algorithms
    eigen3

-- Running vcpkg install - done
-- The C compiler identification is GNU 13.2.1
-- The CXX compiler identification is GNU 13.2.1
-- Detecting C compiler ABI info
-- Detecting C compiler ABI info - done
-- Check for working C compiler: /sbin/cc - skipped
-- Detecting C compile features
-- Detecting C compile features - done
-- Detecting CXX compiler ABI info
-- Detecting CXX compiler ABI info - done
-- Check for working CXX compiler: /sbin/c++ - skipped
-- Detecting CXX compile features
-- Detecting CXX compile features - done
-- Found PkgConfig: /sbin/pkg-config (found version "2.1.0") 
-- Performing Test CHECK_CPU_ARCHITECTURE_X64
-- Performing Test CHECK_CPU_ARCHITECTURE_X64 - Success
-- Performing Test HAVE_GCC_WALL
-- Performing Test HAVE_GCC_WALL - Success
-- Performing Test HAVE_GCC_WUNDEF
-- Performing Test HAVE_GCC_WUNDEF - Success
-- Performing Test HAVE_GCC_NO_STRICT_ALIASING
-- Performing Test HAVE_GCC_NO_STRICT_ALIASING - Success
-- Performing Test HAVE_GCC_WDOCUMENTATION
-- Performing Test HAVE_GCC_WDOCUMENTATION - Failed
-- Performing Test HAVE_GCC_WDOCUMENTATION_UNKNOWN_COMMAND
-- Performing Test HAVE_GCC_WDOCUMENTATION_UNKNOWN_COMMAND - Failed
-- Performing Test HAVE_GCC_COMMENT_BLOCK_COMMANDS
-- Performing Test HAVE_GCC_COMMENT_BLOCK_COMMANDS - Failed
-- Performing Test HAVE_CLANG_COMMENT_BLOCK_COMMANDS
-- Performing Test HAVE_CLANG_COMMENT_BLOCK_COMMANDS - Failed
-- Performing Test HAVE_GCC_WSHADOW
-- Performing Test HAVE_GCC_WSHADOW - Success
-- Performing Test HAVE_GCC_WUNUSED_LOCAL_TYPEDEFS
-- Performing Test HAVE_GCC_WUNUSED_LOCAL_TYPEDEFS - Success
-- Performing Test COMPILER_SUPPORTS_FDIAGNOSTICS_COLOR_ALWAYS
-- Performing Test COMPILER_SUPPORTS_FDIAGNOSTICS_COLOR_ALWAYS - Success
-- Looking for __GLIBC__
-- Looking for __GLIBC__ - found
-- Linker identification: GNUlike
-- Performing Test LINKER_SUPPORTS_VERSION_SCRIPT
-- Performing Test LINKER_SUPPORTS_VERSION_SCRIPT - Success
-- Performing Test COMPILER_SUPPORTS_GCC_ATOMICS
-- Performing Test COMPILER_SUPPORTS_GCC_ATOMICS - Success
-- Performing Test HAVE_GCC_FVISIBILITY
-- Performing Test HAVE_GCC_FVISIBILITY - Success
-- Performing Test LINKER_SUPPORTS_WL_NO_UNDEFINED
-- Performing Test LINKER_SUPPORTS_WL_NO_UNDEFINED - Success
-- Performing Test COMPILER_SUPPORTS_MMX
-- Performing Test COMPILER_SUPPORTS_MMX - Success
-- Performing Test COMPILER_SUPPORTS_SSE
-- Performing Test COMPILER_SUPPORTS_SSE - Success
-- Performing Test COMPILER_SUPPORTS_SSE2
-- Performing Test COMPILER_SUPPORTS_SSE2 - Success
-- Performing Test COMPILER_SUPPORTS_SSE3
-- Performing Test COMPILER_SUPPORTS_SSE3 - Success
-- Performing Test COMPILER_SUPPORTS_SSE4_1
-- Performing Test COMPILER_SUPPORTS_SSE4_1 - Success
-- Performing Test COMPILER_SUPPORTS_SSE4_2
-- Performing Test COMPILER_SUPPORTS_SSE4_2 - Success
-- Performing Test COMPILER_SUPPORTS_AVX
-- Performing Test COMPILER_SUPPORTS_AVX - Success
-- Performing Test COMPILER_SUPPORTS_AVX2
-- Performing Test COMPILER_SUPPORTS_AVX2 - Success
-- Performing Test COMPILER_SUPPORTS_AVX512F
-- Performing Test COMPILER_SUPPORTS_AVX512F - Success
-- Looking for alloca.h
-- Looking for alloca.h - found
-- Looking for ctype.h
-- Looking for ctype.h - found
-- Looking for float.h
-- Looking for float.h - found
-- Looking for iconv.h
-- Looking for iconv.h - found
-- Looking for inttypes.h
-- Looking for inttypes.h - found
-- Looking for limits.h
-- Looking for limits.h - found
-- Looking for malloc.h
-- Looking for malloc.h - found
-- Looking for math.h
-- Looking for math.h - found
-- Looking for memory.h
-- Looking for memory.h - found
-- Looking for signal.h
-- Looking for signal.h - found
-- Looking for stdarg.h
-- Looking for stdarg.h - found
-- Looking for stddef.h
-- Looking for stddef.h - found
-- Looking for stdint.h
-- Looking for stdint.h - found
-- Looking for stdio.h
-- Looking for stdio.h - found
-- Looking for stdlib.h
-- Looking for stdlib.h - found
-- Looking for string.h
-- Looking for string.h - found
-- Looking for strings.h
-- Looking for strings.h - found
-- Looking for sys/types.h
-- Looking for sys/types.h - found
-- Looking for wchar.h
-- Looking for wchar.h - found
-- Looking for pow in m
-- Looking for pow in m - found
-- Looking for abs
-- Looking for abs - found
-- Looking for acos
-- Looking for acos - found
-- Looking for acosf
-- Looking for acosf - found
-- Looking for asin
-- Looking for asin - found
-- Looking for asinf
-- Looking for asinf - found
-- Looking for atan
-- Looking for atan - found
-- Looking for atan2
-- Looking for atan2 - found
-- Looking for atan2f
-- Looking for atan2f - found
-- Looking for atanf
-- Looking for atanf - found
-- Looking for atof
-- Looking for atof - found
-- Looking for atoi
-- Looking for atoi - found
-- Looking for bcopy
-- Looking for bcopy - found
-- Looking for bsearch
-- Looking for bsearch - found
-- Looking for calloc
-- Looking for calloc - found
-- Looking for ceil
-- Looking for ceil - found
-- Looking for ceilf
-- Looking for ceilf - found
-- Looking for copysign
-- Looking for copysign - found
-- Looking for copysignf
-- Looking for copysignf - found
-- Looking for cos
-- Looking for cos - found
-- Looking for cosf
-- Looking for cosf - found
-- Looking for _Exit
-- Looking for _Exit - found
-- Looking for exp
-- Looking for exp - found
-- Looking for expf
-- Looking for expf - found
-- Looking for fabs
-- Looking for fabs - found
-- Looking for fabsf
-- Looking for fabsf - found
-- Looking for floor
-- Looking for floor - found
-- Looking for floorf
-- Looking for floorf - found
-- Looking for fmod
-- Looking for fmod - found
-- Looking for fmodf
-- Looking for fmodf - found
-- Looking for fopen64
-- Looking for fopen64 - found
-- Looking for free
-- Looking for free - found
-- Looking for fseeko
-- Looking for fseeko - found
-- Looking for fseeko64
-- Looking for fseeko64 - found
-- Looking for getenv
-- Looking for getenv - found
-- Looking for _i64toa
-- Looking for _i64toa - not found
-- Looking for index
-- Looking for index - found
-- Looking for itoa
-- Looking for itoa - not found
-- Looking for log
-- Looking for log - found
-- Looking for log10
-- Looking for log10 - found
-- Looking for log10f
-- Looking for log10f - found
-- Looking for logf
-- Looking for logf - found
-- Looking for lround
-- Looking for lround - found
-- Looking for lroundf
-- Looking for lroundf - found
-- Looking for _ltoa
-- Looking for _ltoa - not found
-- Looking for malloc
-- Looking for malloc - found
-- Looking for memcmp
-- Looking for memcmp - found
-- Looking for memcpy
-- Looking for memcpy - found
-- Looking for memmove
-- Looking for memmove - found
-- Looking for memset
-- Looking for memset - found
-- Looking for modf
-- Looking for modf - found
-- Looking for modff
-- Looking for modff - found
-- Looking for pow
-- Looking for pow - found
-- Looking for powf
-- Looking for powf - found
-- Looking for putenv
-- Looking for putenv - found
-- Looking for qsort
-- Looking for qsort - found
-- Looking for realloc
-- Looking for realloc - found
-- Looking for rindex
-- Looking for rindex - found
-- Looking for round
-- Looking for round - found
-- Looking for roundf
-- Looking for roundf - found
-- Looking for scalbn
-- Looking for scalbn - found
-- Looking for scalbnf
-- Looking for scalbnf - found
-- Looking for setenv
-- Looking for setenv - found
-- Looking for sin
-- Looking for sin - found
-- Looking for sinf
-- Looking for sinf - found
-- Looking for sqr
-- Looking for sqr - not found
-- Looking for sqrt
-- Looking for sqrt - found
-- Looking for sqrtf
-- Looking for sqrtf - found
-- Looking for sscanf
-- Looking for sscanf - found
-- Looking for strchr
-- Looking for strchr - found
-- Looking for strcmp
-- Looking for strcmp - found
-- Looking for strlcat
-- Looking for strlcat - found
-- Looking for strlcpy
-- Looking for strlcpy - found
-- Looking for strlen
-- Looking for strlen - found
-- Looking for strncmp
-- Looking for strncmp - found
-- Looking for strnlen
-- Looking for strnlen - found
-- Looking for strrchr
-- Looking for strrchr - found
-- Looking for strstr
-- Looking for strstr - found
-- Looking for strnstr
-- Looking for strnstr - not found
-- Looking for strtod
-- Looking for strtod - found
-- Looking for strtok_r
-- Looking for strtok_r - found
-- Looking for strtol
-- Looking for strtol - found
-- Looking for strtoll
-- Looking for strtoll - found
-- Looking for strtoul
-- Looking for strtoul - found
-- Looking for strtoull
-- Looking for strtoull - found
-- Looking for tan
-- Looking for tan - found
-- Looking for tanf
-- Looking for tanf - found
-- Looking for trunc
-- Looking for trunc - found
-- Looking for truncf
-- Looking for truncf - found
-- Looking for unsetenv
-- Looking for unsetenv - found
-- Looking for vsnprintf
-- Looking for vsnprintf - found
-- Looking for vsscanf
-- Looking for vsscanf - found
-- Looking for wcsnlen
-- Looking for wcsnlen - found
-- Looking for wcscmp
-- Looking for wcscmp - found
-- Looking for wcsdup
-- Looking for wcsdup - found
-- Looking for wcslcat
-- Looking for wcslcat - found
-- Looking for wcslcpy
-- Looking for wcslcpy - found
-- Looking for wcslen
-- Looking for wcslen - found
-- Looking for wcsncmp
-- Looking for wcsncmp - found
-- Looking for wcsstr
-- Looking for wcsstr - found
-- Looking for wcstol
-- Looking for wcstol - found
-- Looking for strcasecmp
-- Looking for strcasecmp - found
-- Looking for strcasestr
-- Looking for strcasestr - found
-- Looking for strncasecmp
-- Looking for strncasecmp - found
-- Looking for wcscasecmp
-- Looking for wcscasecmp - found
-- Looking for wcsncasecmp
-- Looking for wcsncasecmp - found
-- Looking for getpagesize
-- Looking for getpagesize - found
-- Looking for sigaction
-- Looking for sigaction - found
-- Looking for setjmp
-- Looking for setjmp - found
-- Looking for nanosleep
-- Looking for nanosleep - found
-- Looking for sysconf
-- Looking for sysconf - found
-- Looking for sysctlbyname
-- Looking for sysctlbyname - not found
-- Looking for getauxval
-- Looking for getauxval - found
-- Looking for elf_aux_info
-- Looking for elf_aux_info - not found
-- Looking for poll
-- Looking for poll - found
-- Performing Test ICONV_IN_LIBC
-- Performing Test ICONV_IN_LIBC - Success
-- Performing Test ICONV_IN_LIBICONV
-- Performing Test ICONV_IN_LIBICONV - Failed
-- Performing Test HAVE_SA_SIGACTION
-- Performing Test HAVE_SA_SIGACTION - Success
-- Looking for dlopen
-- Looking for dlopen - found
-- Performing Test HAVE_O_CLOEXEC
-- Performing Test HAVE_O_CLOEXEC - Success
-- Found ALSA: /usr/lib/libasound.so (found version "1.2.10") 
-- dynamic libasound -> libasound.so.2
-- Checking for module 'jack'
--   Found jack, version 1.9.22
-- dynamic libjack -> libjack.so.0
-- Checking for module 'libpipewire-0.3>=0.3.20'
--   Found libpipewire-0.3, version 1.0.1
-- dynamic libpipewire-0.3 -> libpipewire-0.3.so.0
-- Checking for module 'libpulse>=0.9.15'
--   Found libpulse, version 17.0
-- dynamic libpulse -> libpulse.so.0
-- Checking for module 'sndio'
--   Package 'sndio', required by 'virtual:world', not found
-- Found X11: /usr/include   
-- Looking for XOpenDisplay in /usr/lib/libX11.so;/usr/lib/libXext.so
-- Looking for XOpenDisplay in /usr/lib/libX11.so;/usr/lib/libXext.so - found
-- Looking for gethostbyname
-- Looking for gethostbyname - found
-- Looking for connect
-- Looking for connect - found
-- Looking for remove
-- Looking for remove - found
-- Looking for shmat
-- Looking for shmat - found
-- Looking for IceConnectionNumber in ICE
-- Looking for IceConnectionNumber in ICE - found
-- dynamic libX11 -> libX11.so.6
-- dynamic libXext -> libXext.so.6
-- dynamic libXcursor -> libXcursor.so.1
-- dynamic libXi -> libXi.so.6
-- dynamic libXfixes -> libXfixes.so.3
-- dynamic libXrandr -> libXrandr.so.2
-- dynamic libXrender -> libXrender.so.1
-- dynamic libXss -> libXss.so.1
-- Looking for shmat
-- Looking for shmat - found
-- Performing Test HAVE_XGENERICEVENT
-- Performing Test HAVE_XGENERICEVENT - Success
-- Looking for XkbKeycodeToKeysym
-- Looking for XkbKeycodeToKeysym - found
-- Performing Test HAVE_XINPUT2_MULTITOUCH
-- Performing Test HAVE_XINPUT2_MULTITOUCH - Success
-- Performing Test HAVE_XFIXES_H
-- Performing Test HAVE_XFIXES_H - Success
-- Found OpenGL: /usr/lib/libOpenGL.so   
-- Performing Test HAVE_OPENGL_EGL
-- Performing Test HAVE_OPENGL_EGL - Success
-- Checking for module 'libdrm'
--   Found libdrm, version 2.4.120
-- Checking for module 'gbm'
--   Found gbm, version 23.3.4-arch1.2
-- dynamic libdrm -> libdrm.so.2
-- dynamic libgbm -> libgbm.so.1
-- Performing Test HAVE_OPENGL_GLX
-- Performing Test HAVE_OPENGL_GLX - Success
-- Performing Test HAVE_OPENGL
-- Performing Test HAVE_OPENGL - Success
-- Performing Test HAVE_OPENGLES_V1
-- Performing Test HAVE_OPENGLES_V1 - Failed
-- Performing Test HAVE_OPENGLES_V2
-- Performing Test HAVE_OPENGLES_V2 - Success
-- Checking for modules 'wayland-client>=1.18;wayland-egl;wayland-cursor;egl;xkbcommon>=0.5.0'
--   Found wayland-client, version 1.22.0
--   Found wayland-egl, version 18.1.0
--   Found wayland-cursor, version 1.22.0
--   Found egl, version 1.5
--   Found xkbcommon, version 1.6.0
-- dynamic libwayland-client -> libwayland-client.so.0
-- dynamic libwayland-egl -> libwayland-egl.so.1
-- dynamic libwayland-cursor -> libwayland-cursor.so.0
-- dynamic libxkbcommon -> libxkbcommon.so.0
-- Checking for module 'libdecor-0'
--   Found libdecor-0, version 0.2.2
-- dynamic libdecor-0 -> libdecor-0.so.0
-- Performing Test HAVE_LINUX_INPUT_H
-- Performing Test HAVE_LINUX_INPUT_H - Success
-- Performing Test HAVE_INPUT_KD
-- Performing Test HAVE_INPUT_KD - Success
-- Looking for libudev.h
-- Looking for libudev.h - found
-- dynamic libudev -> libudev.so.1
-- Looking for sys/inotify.h
-- Looking for sys/inotify.h - found
-- Looking for inotify_init
-- Looking for inotify_init - found
-- Looking for inotify_init1
-- Looking for inotify_init1 - found
-- Checking for one of the modules 'dbus-1;dbus'
-- Checking for one of the modules 'ibus-1.0;ibus'
-- Performing Test LIBC_HAS_WORKING_LIBUNWIND
-- Performing Test LIBC_HAS_WORKING_LIBUNWIND - Failed
-- Performing Test LIBUNWIND_HAS_WORKINGLIBUNWIND
-- Performing Test LIBUNWIND_HAS_WORKINGLIBUNWIND - Success
-- Checking for module 'libusb-1.0>=1.0.16'
--   Found libusb-1.0, version 1.0.26
-- Performing Test HAVE_LIBUSB_H
-- Performing Test HAVE_LIBUSB_H - Success
-- dynamic libusb-1.0 -> libusb-1.0.so.0
-- Performing Test HAVE_PTHREADS
-- Performing Test HAVE_PTHREADS - Success
-- Performing Test HAVE_RECURSIVE_MUTEXES
-- Performing Test HAVE_RECURSIVE_MUTEXES - Success
-- Performing Test HAVE_PTHREADS_SEM
-- Performing Test HAVE_PTHREADS_SEM - Success
-- Performing Test COMPILER_HAS_SEM_TIMEDWAIT
-- Performing Test COMPILER_HAS_SEM_TIMEDWAIT - Success
-- Looking for pthread.h
-- Looking for pthread.h - found
-- Looking for pthread_np.h
-- Looking for pthread_np.h - not found
-- Performing Test HAVE_PTHREAD_SETNAME_NP
-- Performing Test HAVE_PTHREAD_SETNAME_NP - Success
-- Looking for clock_gettime in c
-- Looking for clock_gettime in c - found
-- Performing Test HAVE_ENABLE_NEW_DTAGS
-- Performing Test HAVE_ENABLE_NEW_DTAGS - Success
-- 
-- SDL3 was configured with the following options:
-- 
-- Platform: Linux-6.7.0-arch3-1
-- 64-bit:   TRUE
-- Compiler: /sbin/cc
-- Revision: SDL-prerelease-3.0.0-3468-g7fbd85ad5
-- Vendor:   
-- 
-- Subsystems:
--   Audio:    ON
--   Video:    ON
--   Render:   ON
--   Joystick: ON
--   Haptic:   ON
--   Hidapi:   ON
--   Power:    ON
--   Sensor:   ON
-- 
-- Options:
--   SDL_ALSA                    (Wanted: ON): ON
--   SDL_ALSA_SHARED             (Wanted: ON): ON
--   SDL_ALTIVEC                 (Wanted: OFF): OFF
--   SDL_ARMNEON                 (Wanted: OFF): OFF
--   SDL_ARMNEON_BLITTERS        (Wanted: OFF): OFF
--   SDL_ARMSIMD                 (Wanted: OFF): OFF
--   SDL_ASAN                    (Wanted: OFF): OFF
--   SDL_ASSEMBLY                (Wanted: ON): ON
--   SDL_ASSERTIONS              (Wanted: auto): auto
--   SDL_AVX                     (Wanted: ON): ON
--   SDL_AVX2                    (Wanted: ON): ON
--   SDL_AVX512F                 (Wanted: ON): ON
--   SDL_BACKGROUNDING_SIGNAL    (Wanted: OFF): OFF
--   SDL_CCACHE                  (Wanted: OFF): OFF
--   SDL_CLANG_TIDY              (Wanted: OFF): OFF
--   SDL_CLOCK_GETTIME           (Wanted: ON): ON
--   SDL_COCOA                   (Wanted: OFF): OFF
--   SDL_DBUS                    (Wanted: ON): ON
--   SDL_DIRECTX                 (Wanted: OFF): OFF
--   SDL_DISABLE_INSTALL         (Wanted: ON): OFF
--   SDL_DISABLE_UNINSTALL       (Wanted: OFF): OFF
--   SDL_DISKAUDIO               (Wanted: ON): ON
--   SDL_DUMMYAUDIO              (Wanted: ON): ON
--   SDL_DUMMYVIDEO              (Wanted: ON): ON
--   SDL_FOREGROUNDING_SIGNAL    (Wanted: OFF): OFF
--   SDL_GCC_ATOMICS             (Wanted: ON): ON
--   SDL_HIDAPI                  (Wanted: ON): ON
--   SDL_HIDAPI_JOYSTICK         (Wanted: ON): ON
--   SDL_HIDAPI_LIBUSB           (Wanted: ON): ON
--   SDL_HIDAPI_LIBUSB_SHARED    (Wanted: ON): ON
--   SDL_IBUS                    (Wanted: ON): ON
--   SDL_INSTALL_TESTS           (Wanted: OFF): OFF
--   SDL_JACK                    (Wanted: ON): ON
--   SDL_JACK_SHARED             (Wanted: ON): ON
--   SDL_KMSDRM                  (Wanted: ON): ON
--   SDL_KMSDRM_SHARED           (Wanted: ON): ON
--   SDL_LASX                    (Wanted: OFF): OFF
--   SDL_LIBC                    (Wanted: ON): ON
--   SDL_LIBICONV                (Wanted: OFF): OFF
--   SDL_LIBUDEV                 (Wanted: ON): ON
--   SDL_LSX                     (Wanted: OFF): OFF
--   SDL_METAL                   (Wanted: OFF): OFF
--   SDL_MMX                     (Wanted: ON): ON
--   SDL_OFFSCREEN               (Wanted: ON): ON
--   SDL_OPENGL                  (Wanted: ON): ON
--   SDL_OPENGLES                (Wanted: ON): ON
--   SDL_OSS                     (Wanted: OFF): OFF
--   SDL_PIPEWIRE                (Wanted: ON): ON
--   SDL_PIPEWIRE_SHARED         (Wanted: ON): ON
--   SDL_PTHREADS                (Wanted: ON): ON
--   SDL_PTHREADS_SEM            (Wanted: ON): ON
--   SDL_PULSEAUDIO              (Wanted: ON): ON
--   SDL_PULSEAUDIO_SHARED       (Wanted: ON): ON
--   SDL_RENDER_D3D              (Wanted: OFF): OFF
--   SDL_RENDER_METAL            (Wanted: OFF): OFF
--   SDL_ROCKCHIP                (Wanted: OFF): OFF
--   SDL_RPATH                   (Wanted: ON): ON
--   SDL_RPI                     (Wanted: OFF): OFF
--   SDL_SNDIO                   (Wanted: ON): OFF
--   SDL_SNDIO_SHARED            (Wanted: ON): OFF
--   SDL_SSE                     (Wanted: ON): ON
--   SDL_SSE2                    (Wanted: ON): ON
--   SDL_SSE3                    (Wanted: ON): ON
--   SDL_SSE4_1                  (Wanted: ON): ON
--   SDL_SSE4_2                  (Wanted: ON): ON
--   SDL_STATIC_PIC              (Wanted: OFF): OFF
--   SDL_SYSTEM_ICONV            (Wanted: ON): ON
--   SDL_TESTS                   (Wanted: OFF): OFF
--   SDL_TESTS_LINK_SHARED       (Wanted: ON): OFF
--   SDL_VIDEO_CAPTURE           (Wanted: ON): OFF
--   SDL_VIRTUAL_JOYSTICK        (Wanted: ON): ON
--   SDL_VIVANTE                 (Wanted: OFF): OFF
--   SDL_VULKAN                  (Wanted: ON): ON
--   SDL_WASAPI                  (Wanted: OFF): OFF
--   SDL_WAYLAND                 (Wanted: ON): ON
--   SDL_WAYLAND_LIBDECOR        (Wanted: ON): ON
--   SDL_WAYLAND_LIBDECOR_SHARED (Wanted: ON): ON
--   SDL_WAYLAND_SHARED          (Wanted: ON): ON
--   SDL_X11                     (Wanted: ON): ON
--   SDL_X11_SHARED              (Wanted: ON): ON
--   SDL_X11_XCURSOR             (Wanted: ON): ON
--   SDL_X11_XDBE                (Wanted: ON): ON
--   SDL_X11_XFIXES              (Wanted: ON): ON
--   SDL_X11_XINPUT              (Wanted: ON): ON
--   SDL_X11_XRANDR              (Wanted: ON): ON
--   SDL_X11_XSCRNSAVER          (Wanted: ON): ON
--   SDL_X11_XSHAPE              (Wanted: ON): ON
--   SDL_XINPUT                  (Wanted: OFF): OFF
-- 
--  Build Shared Library: ON
--  Build Static Library: OFF
-- 
-- If something was not detected, although the libraries
-- were installed, then make sure you have set the
-- CMAKE_C_FLAGS and CMAKE_PREFIX_PATH CMake variables correctly.
-- 
-- Configuring SDL3_image 3.0.0
-- Performing Test HAVE_WL_NO_UNDEFINED
-- Performing Test HAVE_WL_NO_UNDEFINED - Success
-- SDL3_image: Using system libavif
-- Dynamic libavif: $<TARGET_SONAME_FILE_NAME:avif>
-- SDL3_image backends:
-- - enabled:  stb avif bmp gif jpg lbm pcx png pnm qoi svg tga xcf xpm xv
-- - disabled: imageio wic jxl tif webp
-- Configuring done (16.4s)
-- Generating done (0.0s)
-- Build files have been written to: /home/liam/Code/taiga/vendor/ramen/build
[  1%] Generating wayland-generated-protocols/xdg-shell-client-protocol.h
[  2%] Generating wayland-generated-protocols/xdg-shell-protocol.c
[  2%] Generating wayland-generated-protocols/fractional-scale-v1-client-protocol.h
[  2%] Generating wayland-generated-protocols/fractional-scale-v1-protocol.c
[  2%] Generating wayland-generated-protocols/idle-inhibit-unstable-v1-client-protocol.h
[  2%] Generating wayland-generated-protocols/idle-inhibit-unstable-v1-protocol.c
[  3%] Generating wayland-generated-protocols/input-timestamps-unstable-v1-client-protocol.h
[  4%] Generating wayland-generated-protocols/input-timestamps-unstable-v1-protocol.c
[  4%] Generating wayland-generated-protocols/kde-output-order-v1-client-protocol.h
[  4%] Generating wayland-generated-protocols/kde-output-order-v1-protocol.c
[  4%] Generating wayland-generated-protocols/keyboard-shortcuts-inhibit-unstable-v1-client-protocol.h
[  4%] Generating wayland-generated-protocols/keyboard-shortcuts-inhibit-unstable-v1-protocol.c
[  4%] Generating wayland-generated-protocols/pointer-constraints-unstable-v1-client-protocol.h
[  5%] Generating wayland-generated-protocols/pointer-constraints-unstable-v1-protocol.c
[  6%] Generating wayland-generated-protocols/primary-selection-unstable-v1-client-protocol.h
[  6%] Generating wayland-generated-protocols/primary-selection-unstable-v1-protocol.c
[  6%] Generating wayland-generated-protocols/relative-pointer-unstable-v1-client-protocol.h
[  6%] Generating wayland-generated-protocols/relative-pointer-unstable-v1-protocol.c
[  6%] Generating wayland-generated-protocols/tablet-unstable-v2-client-protocol.h
[  6%] Generating wayland-generated-protocols/tablet-unstable-v2-protocol.c
[  7%] Generating wayland-generated-protocols/text-input-unstable-v3-client-protocol.h
[  8%] Generating wayland-generated-protocols/text-input-unstable-v3-protocol.c
[  8%] Generating wayland-generated-protocols/viewporter-client-protocol.h
[  8%] Generating wayland-generated-protocols/viewporter-protocol.c
[  8%] Generating wayland-generated-protocols/wayland-client-protocol.h
[  8%] Generating wayland-generated-protocols/wayland-protocol.c
[  9%] Generating wayland-generated-protocols/xdg-activation-v1-client-protocol.h
[ 10%] Generating wayland-generated-protocols/xdg-activation-v1-protocol.c
[ 10%] Generating wayland-generated-protocols/xdg-decoration-unstable-v1-client-protocol.h
[ 10%] Generating wayland-generated-protocols/xdg-decoration-unstable-v1-protocol.c
[ 10%] Generating wayland-generated-protocols/xdg-output-unstable-v1-client-protocol.h
[ 10%] Generating wayland-generated-protocols/xdg-output-unstable-v1-protocol.c
[ 10%] Building C object vendor/SDL/CMakeFiles/SDL3-shared.dir/cmake_pch.h.gch
[ 10%] Building C object vendor/SDL/CMakeFiles/SDL3-shared.dir/src/SDL.c.o
[ 10%] Building C object vendor/SDL/CMakeFiles/SDL3-shared.dir/src/SDL_assert.c.o
[ 11%] Building C object vendor/SDL/CMakeFiles/SDL3-shared.dir/src/SDL_error.c.o
[ 11%] Building C object vendor/SDL/CMakeFiles/SDL3-shared.dir/src/SDL_guid.c.o
[ 11%] Building C object vendor/SDL/CMakeFiles/SDL3-shared.dir/src/SDL_hashtable.c.o
[ 12%] Building C object vendor/SDL/CMakeFiles/SDL3-shared.dir/src/SDL_hints.c.o
[ 12%] Building C object vendor/SDL/CMakeFiles/SDL3-shared.dir/src/SDL_list.c.o
[ 12%] Building C object vendor/SDL/CMakeFiles/SDL3-shared.dir/src/SDL_log.c.o
[ 13%] Building C object vendor/SDL/CMakeFiles/SDL3-shared.dir/src/SDL_properties.c.o
[ 13%] Building C object vendor/SDL/CMakeFiles/SDL3-shared.dir/src/SDL_utils.c.o
[ 13%] Building C object vendor/SDL/CMakeFiles/SDL3-shared.dir/src/atomic/SDL_atomic.c.o
[ 14%] Building C object vendor/SDL/CMakeFiles/SDL3-shared.dir/src/atomic/SDL_spinlock.c.o
[ 14%] Building C object vendor/SDL/CMakeFiles/SDL3-shared.dir/src/audio/SDL_audio.c.o
[ 14%] Building C object vendor/SDL/CMakeFiles/SDL3-shared.dir/src/audio/SDL_audiocvt.c.o
[ 14%] Building C object vendor/SDL/CMakeFiles/SDL3-shared.dir/src/audio/SDL_audiodev.c.o
[ 15%] Building C object vendor/SDL/CMakeFiles/SDL3-shared.dir/src/audio/SDL_audioqueue.c.o
[ 15%] Building C object vendor/SDL/CMakeFiles/SDL3-shared.dir/src/audio/SDL_audioresample.c.o
[ 15%] Building C object vendor/SDL/CMakeFiles/SDL3-shared.dir/src/audio/SDL_audiotypecvt.c.o
[ 16%] Building C object vendor/SDL/CMakeFiles/SDL3-shared.dir/src/audio/SDL_mixer.c.o
[ 16%] Building C object vendor/SDL/CMakeFiles/SDL3-shared.dir/src/audio/SDL_wave.c.o
[ 16%] Building C object vendor/SDL/CMakeFiles/SDL3-shared.dir/src/core/SDL_core_unsupported.c.o
[ 17%] Building C object vendor/SDL/CMakeFiles/SDL3-shared.dir/src/core/SDL_runapp.c.o
[ 17%] Building C object vendor/SDL/CMakeFiles/SDL3-shared.dir/src/cpuinfo/SDL_cpuinfo.c.o
[ 17%] Building C object vendor/SDL/CMakeFiles/SDL3-shared.dir/src/dynapi/SDL_dynapi.c.o
[ 18%] Building C object vendor/SDL/CMakeFiles/SDL3-shared.dir/src/events/SDL_clipboardevents.c.o
[ 18%] Building C object vendor/SDL/CMakeFiles/SDL3-shared.dir/src/events/SDL_displayevents.c.o
[ 18%] Building C object vendor/SDL/CMakeFiles/SDL3-shared.dir/src/events/SDL_dropevents.c.o
[ 18%] Building C object vendor/SDL/CMakeFiles/SDL3-shared.dir/src/events/SDL_events.c.o
[ 19%] Building C object vendor/SDL/CMakeFiles/SDL3-shared.dir/src/events/SDL_keyboard.c.o
[ 19%] Building C object vendor/SDL/CMakeFiles/SDL3-shared.dir/src/events/SDL_keysym_to_scancode.c.o
[ 19%] Building C object vendor/SDL/CMakeFiles/SDL3-shared.dir/src/events/SDL_mouse.c.o
[ 20%] Building C object vendor/SDL/CMakeFiles/SDL3-shared.dir/src/events/SDL_pen.c.o
[ 20%] Building C object vendor/SDL/CMakeFiles/SDL3-shared.dir/src/events/SDL_quit.c.o
[ 20%] Building C object vendor/SDL/CMakeFiles/SDL3-shared.dir/src/events/SDL_scancode_tables.c.o
[ 21%] Building C object vendor/SDL/CMakeFiles/SDL3-shared.dir/src/events/SDL_touch.c.o
[ 21%] Building C object vendor/SDL/CMakeFiles/SDL3-shared.dir/src/events/SDL_windowevents.c.o
[ 21%] Building C object vendor/SDL/CMakeFiles/SDL3-shared.dir/src/events/imKStoUCS.c.o
[ 22%] Building C object vendor/SDL/CMakeFiles/SDL3-shared.dir/src/file/SDL_rwops.c.o
[ 22%] Building C object vendor/SDL/CMakeFiles/SDL3-shared.dir/src/haptic/SDL_haptic.c.o
[ 22%] Building C object vendor/SDL/CMakeFiles/SDL3-shared.dir/src/hidapi/SDL_hidapi.c.o
[ 22%] Building C object vendor/SDL/CMakeFiles/SDL3-shared.dir/src/joystick/SDL_gamepad.c.o
[ 23%] Building C object vendor/SDL/CMakeFiles/SDL3-shared.dir/src/joystick/SDL_joystick.c.o
[ 23%] Building C object vendor/SDL/CMakeFiles/SDL3-shared.dir/src/joystick/SDL_steam_virtual_gamepad.c.o
[ 23%] Building C object vendor/SDL/CMakeFiles/SDL3-shared.dir/src/joystick/controller_type.c.o
[ 25%] Building C object vendor/SDL/CMakeFiles/SDL3-shared.dir/src/libm/e_atan2.c.o
[ 25%] Building C object vendor/SDL/CMakeFiles/SDL3-shared.dir/src/libm/e_exp.c.o
[ 25%] Building C object vendor/SDL/CMakeFiles/SDL3-shared.dir/src/libm/e_fmod.c.o
[ 26%] Building C object vendor/SDL/CMakeFiles/SDL3-shared.dir/src/libm/e_log.c.o
[ 26%] Building C object vendor/SDL/CMakeFiles/SDL3-shared.dir/src/libm/e_log10.c.o
[ 26%] Building C object vendor/SDL/CMakeFiles/SDL3-shared.dir/src/libm/e_pow.c.o
[ 27%] Building C object vendor/SDL/CMakeFiles/SDL3-shared.dir/src/libm/e_rem_pio2.c.o
[ 27%] Building C object vendor/SDL/CMakeFiles/SDL3-shared.dir/src/libm/e_sqrt.c.o
[ 27%] Building C object vendor/SDL/CMakeFiles/SDL3-shared.dir/src/libm/k_cos.c.o
[ 27%] Building C object vendor/SDL/CMakeFiles/SDL3-shared.dir/src/libm/k_rem_pio2.c.o
[ 28%] Building C object vendor/SDL/CMakeFiles/SDL3-shared.dir/src/libm/k_sin.c.o
[ 28%] Building C object vendor/SDL/CMakeFiles/SDL3-shared.dir/src/libm/k_tan.c.o
[ 28%] Building C object vendor/SDL/CMakeFiles/SDL3-shared.dir/src/libm/s_atan.c.o
[ 29%] Building C object vendor/SDL/CMakeFiles/SDL3-shared.dir/src/libm/s_copysign.c.o
[ 29%] Building C object vendor/SDL/CMakeFiles/SDL3-shared.dir/src/libm/s_cos.c.o
[ 29%] Building C object vendor/SDL/CMakeFiles/SDL3-shared.dir/src/libm/s_fabs.c.o
[ 30%] Building C object vendor/SDL/CMakeFiles/SDL3-shared.dir/src/libm/s_floor.c.o
[ 30%] Building C object vendor/SDL/CMakeFiles/SDL3-shared.dir/src/libm/s_modf.c.o
[ 30%] Building C object vendor/SDL/CMakeFiles/SDL3-shared.dir/src/libm/s_scalbn.c.o
[ 31%] Building C object vendor/SDL/CMakeFiles/SDL3-shared.dir/src/libm/s_sin.c.o
[ 31%] Building C object vendor/SDL/CMakeFiles/SDL3-shared.dir/src/libm/s_tan.c.o
[ 31%] Building C object vendor/SDL/CMakeFiles/SDL3-shared.dir/src/locale/SDL_locale.c.o
[ 31%] Building C object vendor/SDL/CMakeFiles/SDL3-shared.dir/src/main/SDL_main_callbacks.c.o
[ 32%] Building C object vendor/SDL/CMakeFiles/SDL3-shared.dir/src/misc/SDL_url.c.o
[ 32%] Building C object vendor/SDL/CMakeFiles/SDL3-shared.dir/src/power/SDL_power.c.o
[ 32%] Building C object vendor/SDL/CMakeFiles/SDL3-shared.dir/src/render/SDL_d3dmath.c.o
[ 33%] Building C object vendor/SDL/CMakeFiles/SDL3-shared.dir/src/render/SDL_render.c.o
[ 33%] Building C object vendor/SDL/CMakeFiles/SDL3-shared.dir/src/render/SDL_render_unsupported.c.o
[ 33%] Building C object vendor/SDL/CMakeFiles/SDL3-shared.dir/src/render/SDL_yuv_sw.c.o
[ 34%] Building C object vendor/SDL/CMakeFiles/SDL3-shared.dir/src/render/direct3d/SDL_render_d3d.c.o
[ 34%] Building C object vendor/SDL/CMakeFiles/SDL3-shared.dir/src/render/direct3d/SDL_shaders_d3d.c.o
[ 34%] Building C object vendor/SDL/CMakeFiles/SDL3-shared.dir/src/render/direct3d11/SDL_render_d3d11.c.o
[ 35%] Building C object vendor/SDL/CMakeFiles/SDL3-shared.dir/src/render/direct3d11/SDL_shaders_d3d11.c.o
[ 35%] Building C object vendor/SDL/CMakeFiles/SDL3-shared.dir/src/render/direct3d12/SDL_render_d3d12.c.o
[ 35%] Building C object vendor/SDL/CMakeFiles/SDL3-shared.dir/src/render/direct3d12/SDL_shaders_d3d12.c.o
[ 35%] Building C object vendor/SDL/CMakeFiles/SDL3-shared.dir/src/render/opengl/SDL_render_gl.c.o
[ 36%] Building C object vendor/SDL/CMakeFiles/SDL3-shared.dir/src/render/opengl/SDL_shaders_gl.c.o
[ 36%] Building C object vendor/SDL/CMakeFiles/SDL3-shared.dir/src/render/opengles2/SDL_render_gles2.c.o
[ 36%] Building C object vendor/SDL/CMakeFiles/SDL3-shared.dir/src/render/opengles2/SDL_shaders_gles2.c.o
[ 37%] Building C object vendor/SDL/CMakeFiles/SDL3-shared.dir/src/render/ps2/SDL_render_ps2.c.o
[ 37%] Building C object vendor/SDL/CMakeFiles/SDL3-shared.dir/src/render/psp/SDL_render_psp.c.o
[ 37%] Building C object vendor/SDL/CMakeFiles/SDL3-shared.dir/src/render/software/SDL_blendfillrect.c.o
[ 38%] Building C object vendor/SDL/CMakeFiles/SDL3-shared.dir/src/render/software/SDL_blendline.c.o
[ 38%] Building C object vendor/SDL/CMakeFiles/SDL3-shared.dir/src/render/software/SDL_blendpoint.c.o
[ 38%] Building C object vendor/SDL/CMakeFiles/SDL3-shared.dir/src/render/software/SDL_drawline.c.o
[ 39%] Building C object vendor/SDL/CMakeFiles/SDL3-shared.dir/src/render/software/SDL_drawpoint.c.o
[ 39%] Building C object vendor/SDL/CMakeFiles/SDL3-shared.dir/src/render/software/SDL_render_sw.c.o
[ 39%] Building C object vendor/SDL/CMakeFiles/SDL3-shared.dir/src/render/software/SDL_rotate.c.o
[ 39%] Building C object vendor/SDL/CMakeFiles/SDL3-shared.dir/src/render/software/SDL_triangle.c.o
[ 40%] Building C object vendor/SDL/CMakeFiles/SDL3-shared.dir/src/render/vitagxm/SDL_render_vita_gxm.c.o
[ 40%] Building C object vendor/SDL/CMakeFiles/SDL3-shared.dir/src/render/vitagxm/SDL_render_vita_gxm_memory.c.o
[ 40%] Building C object vendor/SDL/CMakeFiles/SDL3-shared.dir/src/render/vitagxm/SDL_render_vita_gxm_tools.c.o
[ 41%] Building C object vendor/SDL/CMakeFiles/SDL3-shared.dir/src/sensor/SDL_sensor.c.o
[ 41%] Building C object vendor/SDL/CMakeFiles/SDL3-shared.dir/src/stdlib/SDL_crc16.c.o
[ 41%] Building C object vendor/SDL/CMakeFiles/SDL3-shared.dir/src/stdlib/SDL_crc32.c.o
[ 42%] Building C object vendor/SDL/CMakeFiles/SDL3-shared.dir/src/stdlib/SDL_getenv.c.o
[ 42%] Building C object vendor/SDL/CMakeFiles/SDL3-shared.dir/src/stdlib/SDL_iconv.c.o
[ 42%] Building C object vendor/SDL/CMakeFiles/SDL3-shared.dir/src/stdlib/SDL_malloc.c.o
[ 43%] Building C object vendor/SDL/CMakeFiles/SDL3-shared.dir/src/stdlib/SDL_memcpy.c.o
[ 43%] Building C object vendor/SDL/CMakeFiles/SDL3-shared.dir/src/stdlib/SDL_memmove.c.o
[ 43%] Building C object vendor/SDL/CMakeFiles/SDL3-shared.dir/src/stdlib/SDL_memset.c.o
[ 43%] Building C object vendor/SDL/CMakeFiles/SDL3-shared.dir/src/stdlib/SDL_mslibc.c.o
[ 44%] Building C object vendor/SDL/CMakeFiles/SDL3-shared.dir/src/stdlib/SDL_qsort.c.o
[ 44%] Building C object vendor/SDL/CMakeFiles/SDL3-shared.dir/src/stdlib/SDL_stdlib.c.o
[ 44%] Building C object vendor/SDL/CMakeFiles/SDL3-shared.dir/src/stdlib/SDL_string.c.o
[ 45%] Building C object vendor/SDL/CMakeFiles/SDL3-shared.dir/src/stdlib/SDL_strtokr.c.o
[ 45%] Building C object vendor/SDL/CMakeFiles/SDL3-shared.dir/src/thread/SDL_thread.c.o
[ 45%] Building C object vendor/SDL/CMakeFiles/SDL3-shared.dir/src/timer/SDL_timer.c.o
[ 46%] Building C object vendor/SDL/CMakeFiles/SDL3-shared.dir/src/video/SDL_RLEaccel.c.o
[ 46%] Building C object vendor/SDL/CMakeFiles/SDL3-shared.dir/src/video/SDL_blit.c.o
[ 46%] Building C object vendor/SDL/CMakeFiles/SDL3-shared.dir/src/video/SDL_blit_0.c.o
[ 47%] Building C object vendor/SDL/CMakeFiles/SDL3-shared.dir/src/video/SDL_blit_1.c.o
[ 47%] Building C object vendor/SDL/CMakeFiles/SDL3-shared.dir/src/video/SDL_blit_A.c.o
[ 47%] Building C object vendor/SDL/CMakeFiles/SDL3-shared.dir/src/video/SDL_blit_N.c.o
[ 47%] Building C object vendor/SDL/CMakeFiles/SDL3-shared.dir/src/video/SDL_blit_auto.c.o
[ 48%] Building C object vendor/SDL/CMakeFiles/SDL3-shared.dir/src/video/SDL_blit_copy.c.o
[ 48%] Building C object vendor/SDL/CMakeFiles/SDL3-shared.dir/src/video/SDL_blit_slow.c.o
[ 48%] Building C object vendor/SDL/CMakeFiles/SDL3-shared.dir/src/video/SDL_bmp.c.o
[ 50%] Building C object vendor/SDL/CMakeFiles/SDL3-shared.dir/src/video/SDL_clipboard.c.o
[ 50%] Building C object vendor/SDL/CMakeFiles/SDL3-shared.dir/src/video/SDL_egl.c.o
[ 50%] Building C object vendor/SDL/CMakeFiles/SDL3-shared.dir/src/video/SDL_fillrect.c.o
[ 51%] Building C object vendor/SDL/CMakeFiles/SDL3-shared.dir/src/video/SDL_pixels.c.o
[ 51%] Building C object vendor/SDL/CMakeFiles/SDL3-shared.dir/src/video/SDL_rect.c.o
[ 51%] Building C object vendor/SDL/CMakeFiles/SDL3-shared.dir/src/video/SDL_stretch.c.o
[ 52%] Building C object vendor/SDL/CMakeFiles/SDL3-shared.dir/src/video/SDL_surface.c.o
[ 52%] Building C object vendor/SDL/CMakeFiles/SDL3-shared.dir/src/video/SDL_video.c.o
[ 52%] Building C object vendor/SDL/CMakeFiles/SDL3-shared.dir/src/video/SDL_video_capture.c.o
[ 52%] Building C object vendor/SDL/CMakeFiles/SDL3-shared.dir/src/video/SDL_video_capture_v4l2.c.o
[ 53%] Building C object vendor/SDL/CMakeFiles/SDL3-shared.dir/src/video/SDL_video_unsupported.c.o
[ 53%] Building C object vendor/SDL/CMakeFiles/SDL3-shared.dir/src/video/SDL_vulkan_utils.c.o
[ 53%] Building C object vendor/SDL/CMakeFiles/SDL3-shared.dir/src/video/SDL_yuv.c.o
[ 54%] Building C object vendor/SDL/CMakeFiles/SDL3-shared.dir/src/video/yuv2rgb/yuv_rgb_lsx.c.o
[ 54%] Building C object vendor/SDL/CMakeFiles/SDL3-shared.dir/src/video/yuv2rgb/yuv_rgb_sse.c.o
[ 54%] Building C object vendor/SDL/CMakeFiles/SDL3-shared.dir/src/video/yuv2rgb/yuv_rgb_std.c.o
[ 55%] Building C object vendor/SDL/CMakeFiles/SDL3-shared.dir/src/audio/dummy/SDL_dummyaudio.c.o
[ 55%] Building C object vendor/SDL/CMakeFiles/SDL3-shared.dir/src/audio/disk/SDL_diskaudio.c.o
[ 55%] Building C object vendor/SDL/CMakeFiles/SDL3-shared.dir/src/loadso/dlopen/SDL_sysloadso.c.o
[ 56%] Building C object vendor/SDL/CMakeFiles/SDL3-shared.dir/src/joystick/virtual/SDL_virtualjoystick.c.o
[ 56%] Building C object vendor/SDL/CMakeFiles/SDL3-shared.dir/src/video/dummy/SDL_nullevents.c.o
[ 56%] Building C object vendor/SDL/CMakeFiles/SDL3-shared.dir/src/video/dummy/SDL_nullframebuffer.c.o
[ 56%] Building C object vendor/SDL/CMakeFiles/SDL3-shared.dir/src/video/dummy/SDL_nullvideo.c.o
[ 57%] Building C object vendor/SDL/CMakeFiles/SDL3-shared.dir/src/audio/alsa/SDL_alsa_audio.c.o
[ 57%] Building C object vendor/SDL/CMakeFiles/SDL3-shared.dir/src/audio/jack/SDL_jackaudio.c.o
[ 57%] Building C object vendor/SDL/CMakeFiles/SDL3-shared.dir/src/audio/pipewire/SDL_pipewire.c.o
[ 58%] Building C object vendor/SDL/CMakeFiles/SDL3-shared.dir/src/audio/pulseaudio/SDL_pulseaudio.c.o
[ 58%] Building C object vendor/SDL/CMakeFiles/SDL3-shared.dir/src/video/x11/SDL_x11clipboard.c.o
[ 58%] Building C object vendor/SDL/CMakeFiles/SDL3-shared.dir/src/video/x11/SDL_x11dyn.c.o
[ 59%] Building C object vendor/SDL/CMakeFiles/SDL3-shared.dir/src/video/x11/SDL_x11events.c.o
[ 59%] Building C object vendor/SDL/CMakeFiles/SDL3-shared.dir/src/video/x11/SDL_x11framebuffer.c.o
[ 59%] Building C object vendor/SDL/CMakeFiles/SDL3-shared.dir/src/video/x11/SDL_x11keyboard.c.o
[ 60%] Building C object vendor/SDL/CMakeFiles/SDL3-shared.dir/src/video/x11/SDL_x11messagebox.c.o
[ 60%] Building C object vendor/SDL/CMakeFiles/SDL3-shared.dir/src/video/x11/SDL_x11modes.c.o
[ 60%] Building C object vendor/SDL/CMakeFiles/SDL3-shared.dir/src/video/x11/SDL_x11mouse.c.o
[ 60%] Building C object vendor/SDL/CMakeFiles/SDL3-shared.dir/src/video/x11/SDL_x11opengl.c.o
[ 61%] Building C object vendor/SDL/CMakeFiles/SDL3-shared.dir/src/video/x11/SDL_x11opengles.c.o
[ 61%] Building C object vendor/SDL/CMakeFiles/SDL3-shared.dir/src/video/x11/SDL_x11pen.c.o
[ 61%] Building C object vendor/SDL/CMakeFiles/SDL3-shared.dir/src/video/x11/SDL_x11touch.c.o
[ 62%] Building C object vendor/SDL/CMakeFiles/SDL3-shared.dir/src/video/x11/SDL_x11video.c.o
[ 62%] Building C object vendor/SDL/CMakeFiles/SDL3-shared.dir/src/video/x11/SDL_x11vulkan.c.o
[ 62%] Building C object vendor/SDL/CMakeFiles/SDL3-shared.dir/src/video/x11/SDL_x11window.c.o
[ 63%] Building C object vendor/SDL/CMakeFiles/SDL3-shared.dir/src/video/x11/SDL_x11xfixes.c.o
[ 63%] Building C object vendor/SDL/CMakeFiles/SDL3-shared.dir/src/video/x11/SDL_x11xinput2.c.o
[ 63%] Building C object vendor/SDL/CMakeFiles/SDL3-shared.dir/src/video/x11/edid-parse.c.o
[ 64%] Building C object vendor/SDL/CMakeFiles/SDL3-shared.dir/src/video/kmsdrm/SDL_kmsdrmdyn.c.o
[ 64%] Building C object vendor/SDL/CMakeFiles/SDL3-shared.dir/src/video/kmsdrm/SDL_kmsdrmevents.c.o
[ 64%] Building C object vendor/SDL/CMakeFiles/SDL3-shared.dir/src/video/kmsdrm/SDL_kmsdrmmouse.c.o
[ 64%] Building C object vendor/SDL/CMakeFiles/SDL3-shared.dir/src/video/kmsdrm/SDL_kmsdrmopengles.c.o
[ 65%] Building C object vendor/SDL/CMakeFiles/SDL3-shared.dir/src/video/kmsdrm/SDL_kmsdrmvideo.c.o
[ 65%] Building C object vendor/SDL/CMakeFiles/SDL3-shared.dir/src/video/kmsdrm/SDL_kmsdrmvulkan.c.o
[ 65%] Building C object vendor/SDL/CMakeFiles/SDL3-shared.dir/src/video/wayland/SDL_waylandclipboard.c.o
[ 66%] Building C object vendor/SDL/CMakeFiles/SDL3-shared.dir/src/video/wayland/SDL_waylanddatamanager.c.o
[ 66%] Building C object vendor/SDL/CMakeFiles/SDL3-shared.dir/src/video/wayland/SDL_waylanddyn.c.o
[ 66%] Building C object vendor/SDL/CMakeFiles/SDL3-shared.dir/src/video/wayland/SDL_waylandevents.c.o
[ 67%] Building C object vendor/SDL/CMakeFiles/SDL3-shared.dir/src/video/wayland/SDL_waylandkeyboard.c.o
[ 67%] Building C object vendor/SDL/CMakeFiles/SDL3-shared.dir/src/video/wayland/SDL_waylandmessagebox.c.o
[ 67%] Building C object vendor/SDL/CMakeFiles/SDL3-shared.dir/src/video/wayland/SDL_waylandmouse.c.o
[ 68%] Building C object vendor/SDL/CMakeFiles/SDL3-shared.dir/src/video/wayland/SDL_waylandopengles.c.o
[ 68%] Building C object vendor/SDL/CMakeFiles/SDL3-shared.dir/src/video/wayland/SDL_waylandvideo.c.o
[ 68%] Building C object vendor/SDL/CMakeFiles/SDL3-shared.dir/src/video/wayland/SDL_waylandvulkan.c.o
[ 68%] Building C object vendor/SDL/CMakeFiles/SDL3-shared.dir/src/video/wayland/SDL_waylandwindow.c.o
[ 69%] Building C object vendor/SDL/CMakeFiles/SDL3-shared.dir/wayland-generated-protocols/fractional-scale-v1-protocol.c.o
[ 69%] Building C object vendor/SDL/CMakeFiles/SDL3-shared.dir/wayland-generated-protocols/idle-inhibit-unstable-v1-protocol.c.o
[ 69%] Building C object vendor/SDL/CMakeFiles/SDL3-shared.dir/wayland-generated-protocols/input-timestamps-unstable-v1-protocol.c.o
[ 70%] Building C object vendor/SDL/CMakeFiles/SDL3-shared.dir/wayland-generated-protocols/kde-output-order-v1-protocol.c.o
[ 70%] Building C object vendor/SDL/CMakeFiles/SDL3-shared.dir/wayland-generated-protocols/keyboard-shortcuts-inhibit-unstable-v1-protocol.c.o
[ 70%] Building C object vendor/SDL/CMakeFiles/SDL3-shared.dir/wayland-generated-protocols/pointer-constraints-unstable-v1-protocol.c.o
[ 71%] Building C object vendor/SDL/CMakeFiles/SDL3-shared.dir/wayland-generated-protocols/primary-selection-unstable-v1-protocol.c.o
[ 71%] Building C object vendor/SDL/CMakeFiles/SDL3-shared.dir/wayland-generated-protocols/relative-pointer-unstable-v1-protocol.c.o
[ 71%] Building C object vendor/SDL/CMakeFiles/SDL3-shared.dir/wayland-generated-protocols/tablet-unstable-v2-protocol.c.o
[ 72%] Building C object vendor/SDL/CMakeFiles/SDL3-shared.dir/wayland-generated-protocols/text-input-unstable-v3-protocol.c.o
[ 72%] Building C object vendor/SDL/CMakeFiles/SDL3-shared.dir/wayland-generated-protocols/viewporter-protocol.c.o
[ 72%] Building C object vendor/SDL/CMakeFiles/SDL3-shared.dir/wayland-generated-protocols/wayland-protocol.c.o
[ 72%] Building C object vendor/SDL/CMakeFiles/SDL3-shared.dir/wayland-generated-protocols/xdg-activation-v1-protocol.c.o
[ 73%] Building C object vendor/SDL/CMakeFiles/SDL3-shared.dir/wayland-generated-protocols/xdg-decoration-unstable-v1-protocol.c.o
[ 73%] Building C object vendor/SDL/CMakeFiles/SDL3-shared.dir/wayland-generated-protocols/xdg-output-unstable-v1-protocol.c.o
[ 73%] Building C object vendor/SDL/CMakeFiles/SDL3-shared.dir/wayland-generated-protocols/xdg-shell-protocol.c.o
[ 75%] Building C object vendor/SDL/CMakeFiles/SDL3-shared.dir/src/core/unix/SDL_appid.c.o
[ 75%] Building C object vendor/SDL/CMakeFiles/SDL3-shared.dir/src/core/unix/SDL_poll.c.o
[ 75%] Building C object vendor/SDL/CMakeFiles/SDL3-shared.dir/src/haptic/linux/SDL_syshaptic.c.o
[ 76%] Building C object vendor/SDL/CMakeFiles/SDL3-shared.dir/src/core/linux/SDL_dbus.c.o
[ 76%] Building C object vendor/SDL/CMakeFiles/SDL3-shared.dir/src/core/linux/SDL_system_theme.c.o
[ 76%] Building C object vendor/SDL/CMakeFiles/SDL3-shared.dir/src/core/linux/SDL_ime.c.o
[ 77%] Building C object vendor/SDL/CMakeFiles/SDL3-shared.dir/src/core/linux/SDL_ibus.c.o
[ 77%] Building C object vendor/SDL/CMakeFiles/SDL3-shared.dir/src/core/linux/SDL_fcitx.c.o
[ 77%] Building C object vendor/SDL/CMakeFiles/SDL3-shared.dir/src/core/linux/SDL_udev.c.o
[ 77%] Building C object vendor/SDL/CMakeFiles/SDL3-shared.dir/src/core/linux/SDL_evdev.c.o
[ 78%] Building C object vendor/SDL/CMakeFiles/SDL3-shared.dir/src/core/linux/SDL_evdev_kbd.c.o
[ 78%] Building C object vendor/SDL/CMakeFiles/SDL3-shared.dir/src/core/linux/SDL_evdev_capabilities.c.o
[ 78%] Building C object vendor/SDL/CMakeFiles/SDL3-shared.dir/src/core/linux/SDL_threadprio.c.o
[ 79%] Building C object vendor/SDL/CMakeFiles/SDL3-shared.dir/src/core/linux/SDL_sandbox.c.o
[ 79%] Building C object vendor/SDL/CMakeFiles/SDL3-shared.dir/src/joystick/hidapi/SDL_hidapi_combined.c.o
[ 79%] Building C object vendor/SDL/CMakeFiles/SDL3-shared.dir/src/joystick/hidapi/SDL_hidapi_gamecube.c.o
[ 80%] Building C object vendor/SDL/CMakeFiles/SDL3-shared.dir/src/joystick/hidapi/SDL_hidapi_luna.c.o
[ 80%] Building C object vendor/SDL/CMakeFiles/SDL3-shared.dir/src/joystick/hidapi/SDL_hidapi_ps3.c.o
[ 80%] Building C object vendor/SDL/CMakeFiles/SDL3-shared.dir/src/joystick/hidapi/SDL_hidapi_ps4.c.o
[ 81%] Building C object vendor/SDL/CMakeFiles/SDL3-shared.dir/src/joystick/hidapi/SDL_hidapi_ps5.c.o
[ 81%] Building C object vendor/SDL/CMakeFiles/SDL3-shared.dir/src/joystick/hidapi/SDL_hidapi_rumble.c.o
[ 81%] Building C object vendor/SDL/CMakeFiles/SDL3-shared.dir/src/joystick/hidapi/SDL_hidapi_shield.c.o
[ 81%] Building C object vendor/SDL/CMakeFiles/SDL3-shared.dir/src/joystick/hidapi/SDL_hidapi_stadia.c.o
[ 82%] Building C object vendor/SDL/CMakeFiles/SDL3-shared.dir/src/joystick/hidapi/SDL_hidapi_steam.c.o
[ 82%] Building C object vendor/SDL/CMakeFiles/SDL3-shared.dir/src/joystick/hidapi/SDL_hidapi_steamdeck.c.o
[ 82%] Building C object vendor/SDL/CMakeFiles/SDL3-shared.dir/src/joystick/hidapi/SDL_hidapi_switch.c.o
[ 83%] Building C object vendor/SDL/CMakeFiles/SDL3-shared.dir/src/joystick/hidapi/SDL_hidapi_wii.c.o
[ 83%] Building C object vendor/SDL/CMakeFiles/SDL3-shared.dir/src/joystick/hidapi/SDL_hidapi_xbox360.c.o
[ 83%] Building C object vendor/SDL/CMakeFiles/SDL3-shared.dir/src/joystick/hidapi/SDL_hidapi_xbox360w.c.o
[ 84%] Building C object vendor/SDL/CMakeFiles/SDL3-shared.dir/src/joystick/hidapi/SDL_hidapi_xboxone.c.o
[ 84%] Building C object vendor/SDL/CMakeFiles/SDL3-shared.dir/src/joystick/hidapi/SDL_hidapijoystick.c.o
[ 84%] Building C object vendor/SDL/CMakeFiles/SDL3-shared.dir/src/joystick/linux/SDL_sysjoystick.c.o
[ 85%] Building C object vendor/SDL/CMakeFiles/SDL3-shared.dir/src/joystick/steam/SDL_steamcontroller.c.o
[ 85%] Building C object vendor/SDL/CMakeFiles/SDL3-shared.dir/src/thread/pthread/SDL_systhread.c.o
[ 85%] Building C object vendor/SDL/CMakeFiles/SDL3-shared.dir/src/thread/pthread/SDL_sysmutex.c.o
[ 85%] Building C object vendor/SDL/CMakeFiles/SDL3-shared.dir/src/thread/pthread/SDL_syscond.c.o
[ 86%] Building C object vendor/SDL/CMakeFiles/SDL3-shared.dir/src/thread/pthread/SDL_sysrwlock.c.o
[ 86%] Building C object vendor/SDL/CMakeFiles/SDL3-shared.dir/src/thread/pthread/SDL_systls.c.o
[ 86%] Building C object vendor/SDL/CMakeFiles/SDL3-shared.dir/src/thread/pthread/SDL_syssem.c.o
[ 87%] Building C object vendor/SDL/CMakeFiles/SDL3-shared.dir/src/misc/unix/SDL_sysurl.c.o
[ 87%] Building C object vendor/SDL/CMakeFiles/SDL3-shared.dir/src/power/linux/SDL_syspower.c.o
[ 87%] Building C object vendor/SDL/CMakeFiles/SDL3-shared.dir/src/locale/unix/SDL_syslocale.c.o
[ 88%] Building C object vendor/SDL/CMakeFiles/SDL3-shared.dir/src/filesystem/unix/SDL_sysfilesystem.c.o
[ 88%] Building C object vendor/SDL/CMakeFiles/SDL3-shared.dir/src/timer/unix/SDL_systimer.c.o
[ 88%] Building C object vendor/SDL/CMakeFiles/SDL3-shared.dir/src/video/offscreen/SDL_offscreenevents.c.o
[ 89%] Building C object vendor/SDL/CMakeFiles/SDL3-shared.dir/src/video/offscreen/SDL_offscreenframebuffer.c.o
[ 89%] Building C object vendor/SDL/CMakeFiles/SDL3-shared.dir/src/video/offscreen/SDL_offscreenopengles.c.o
[ 89%] Building C object vendor/SDL/CMakeFiles/SDL3-shared.dir/src/video/offscreen/SDL_offscreenvideo.c.o
[ 89%] Building C object vendor/SDL/CMakeFiles/SDL3-shared.dir/src/video/offscreen/SDL_offscreenwindow.c.o
[ 90%] Building C object vendor/SDL/CMakeFiles/SDL3-shared.dir/src/sensor/dummy/SDL_dummysensor.c.o
[ 90%] Building C object vendor/SDL/CMakeFiles/SDL3-shared.dir/src/main/generic/SDL_sysmain_callbacks.c.o
[ 90%] Linking C shared library ../../libSDL3.so
[ 90%] Built target SDL3-shared
[ 91%] Building C object vendor/SDL_image/CMakeFiles/SDL3_image-shared.dir/src/IMG.c.o
[ 91%] Building C object vendor/SDL_image/CMakeFiles/SDL3_image-shared.dir/src/IMG_WIC.c.o
[ 91%] Building C object vendor/SDL_image/CMakeFiles/SDL3_image-shared.dir/src/IMG_avif.c.o
[ 92%] Building C object vendor/SDL_image/CMakeFiles/SDL3_image-shared.dir/src/IMG_bmp.c.o
[ 92%] Building C object vendor/SDL_image/CMakeFiles/SDL3_image-shared.dir/src/IMG_gif.c.o
[ 92%] Building C object vendor/SDL_image/CMakeFiles/SDL3_image-shared.dir/src/IMG_jpg.c.o
[ 93%] Building C object vendor/SDL_image/CMakeFiles/SDL3_image-shared.dir/src/IMG_jxl.c.o
[ 93%] Building C object vendor/SDL_image/CMakeFiles/SDL3_image-shared.dir/src/IMG_lbm.c.o
[ 93%] Building C object vendor/SDL_image/CMakeFiles/SDL3_image-shared.dir/src/IMG_pcx.c.o
[ 93%] Building C object vendor/SDL_image/CMakeFiles/SDL3_image-shared.dir/src/IMG_png.c.o
[ 94%] Building C object vendor/SDL_image/CMakeFiles/SDL3_image-shared.dir/src/IMG_pnm.c.o
[ 94%] Building C object vendor/SDL_image/CMakeFiles/SDL3_image-shared.dir/src/IMG_qoi.c.o
[ 94%] Building C object vendor/SDL_image/CMakeFiles/SDL3_image-shared.dir/src/IMG_stb.c.o
[ 95%] Building C object vendor/SDL_image/CMakeFiles/SDL3_image-shared.dir/src/IMG_svg.c.o
[ 95%] Building C object vendor/SDL_image/CMakeFiles/SDL3_image-shared.dir/src/IMG_tga.c.o
[ 95%] Building C object vendor/SDL_image/CMakeFiles/SDL3_image-shared.dir/src/IMG_tif.c.o
[ 96%] Building C object vendor/SDL_image/CMakeFiles/SDL3_image-shared.dir/src/IMG_webp.c.o
[ 96%] Building C object vendor/SDL_image/CMakeFiles/SDL3_image-shared.dir/src/IMG_xcf.c.o
[ 96%] Building C object vendor/SDL_image/CMakeFiles/SDL3_image-shared.dir/src/IMG_xpm.c.o
[ 97%] Building C object vendor/SDL_image/CMakeFiles/SDL3_image-shared.dir/src/IMG_xv.c.o
[ 97%] Linking C shared library ../../libSDL3_image.so
[ 97%] Built target SDL3_image-shared
[ 97%] Building CXX object CMakeFiles/Ramen.dir/src/Entry.cpp.o
[ 97%] Building CXX object CMakeFiles/Ramen.dir/src/Ramen/Camera.cpp.o
[ 97%] Building CXX object CMakeFiles/Ramen.dir/src/Ramen/Event.cpp.o
[ 98%] Building CXX object CMakeFiles/Ramen.dir/src/Ramen/Ramen.cpp.o
[ 98%] Building CXX object CMakeFiles/Ramen.dir/src/Ramen/Renderer.cpp.o
[ 98%] Building CXX object CMakeFiles/Ramen.dir/src/Ramen/Window.cpp.o
[100%] Linking CXX executable Ramen
[100%] Built target Ramen
